// Jest Snapshot v1, https://goo.gl/fbAQLP

exports[`Modal  Modal renders correctly 1`] = `
<Modal
  animationType="fade"
  hardwareAccelerated={false}
  onRequestClose={[Function]}
  statusBarTranslucent={true}
  transparent={true}
  visible={false}
/>
`;
