// Jest Snapshot v1, https://goo.gl/fbAQLP

exports[`ComponentTree  ComponentTree renders correctly 1`] = `<View />`;
