// Jest Snapshot v1, https://goo.gl/fbAQLP

exports[`Label  Label renders correctly 1`] = `null`;
